// Jest Snapshot v1, https://goo.gl/fbAQLP

exports[`ReviewPage: Correctly renders after relaunch 1`] = `
Array [
  <div
    className="visually-hidden"
  >
    <svg
      xmlns="http://www.w3.org/2000/svg"
    >
      <symbol
        id="add"
        viewBox="0 0 19 20"
      >
        <title>
          +
        </title>
        <desc>
          Created with Sketch.
        </desc>
        <g
          fill="none"
          fillRule="evenodd"
          id="Page-1"
          stroke="none"
          strokeWidth="1"
        >
          <polygon
            fill="#EEE5B5"
            id="+"
            points="10.777832 11.2880859 10.777832 19.5527344 8.41650391 19.5527344 8.41650391 11.2880859 0.627929688 11.2880859 0.627929688 8.92675781 8.41650391 8.92675781 8.41650391 0.662109375 10.777832 0.662109375 10.777832 8.92675781 18.5664062 8.92675781 18.5664062 11.2880859"
          />
        </g>
      </symbol>
      <symbol
        id="full-screen"
        viewBox="0 0 27 27"
      >
        <path
          clipRule="evenodd"
          d="M23.8571 0H16V3.14286H23.8571V11H27V3.14286V0H23.8571Z"
          fill="#FFF9D9"
          fillOpacity="0.7"
          fillRule="evenodd"
        />
        <path
          clipRule="evenodd"
          d="M27 23.8571V16H23.8571V23.8571H16V27H23.8571H27L27 23.8571Z"
          fill="#FFF9D9"
          fillOpacity="0.7"
          fillRule="evenodd"
        />
        <path
          clipRule="evenodd"
          d="M0 3.14286L0 11H3.14286L3.14286 3.14286L11 3.14286V0H3.14286H0L0 3.14286Z"
          fill="#FFF9D9"
          fillOpacity="0.7"
          fillRule="evenodd"
        />
        <path
          clipRule="evenodd"
          d="M3.14286 27H11V23.8571H3.14286L3.14286 16H0L0 23.8571V27H3.14286Z"
          fill="#FFF9D9"
          fillOpacity="0.7"
          fillRule="evenodd"
        />
      </symbol>
      <symbol
        id="in-list"
        viewBox="0 0 18 14"
      >
        <path
          clipRule="evenodd"
          d="M2.40513 5.35353L6.1818 8.90902L15.5807 0L18 2.80485L6.18935 14L0 8.17346L2.40513 5.35353Z"
          fill="#EEE5B5"
          fillRule="evenodd"
        />
      </symbol>
      <symbol
        id="pause"
        viewBox="0 0 14 21"
      >
        <title>
          Artboard
        </title>
        <desc>
          Created with Sketch.
        </desc>
        <g
          fill="none"
          fillRule="evenodd"
          id="Artboard"
          stroke="none"
          strokeWidth="1"
        >
          <polygon
            fill="#EEE5B5"
            fillRule="nonzero"
            id="Line"
            points="0 -1.11910481e-13 4 -1.11910481e-13 4 21 0 21"
          />
          <polygon
            fill="#EEE5B5"
            fillRule="nonzero"
            id="Line"
            points="10 -1.11910481e-13 14 -1.11910481e-13 14 21 10 21"
          />
        </g>
      </symbol>
      <symbol
        id="play-s"
        viewBox="0 0 19 19"
      >
        <path
          clipRule="evenodd"
          d="M0 0L19 9.5L0 19V0Z"
          fill="#EEE5B5"
          fillRule="evenodd"
        />
      </symbol>
    </svg>
  </div>,
  <section
    className="movie-card movie-card--full"
  >
    <div
      className="movie-card__header"
    >
      <div
        className="movie-card__bg"
      >
        <img
          alt="Title"
          src="image"
        />
      </div>
      <h1
        className="visually-hidden"
      >
        WTW
      </h1>
      <header
        className="page-header"
      >
        <div
          className="logo"
        >
          <a
            className="logo__link"
            href="#"
            onClick={[Function]}
          >
            <span
              className="logo__letter logo__letter--1"
            >
              W
            </span>
            <span
              className="logo__letter logo__letter--2"
            >
              T
            </span>
            <span
              className="logo__letter logo__letter--3"
            >
              W
            </span>
          </a>
        </div>
        <nav
          className="breadcrumbs"
        >
          <ul
            className="breadcrumbs__list"
          >
            <li
              className="breadcrumbs__item"
            >
              <a
                className="breadcrumbs__link"
                href="#"
                onClick={[Function]}
              >
                Title
              </a>
            </li>
            <li
              className="breadcrumbs__item"
            >
              <a
                className="breadcrumbs__link"
              >
                Add review
              </a>
            </li>
          </ul>
        </nav>
        <div
          className="user-block"
        >
          <a
            className="user-block__link"
            href="/login"
            onClick={[Function]}
          >
            Sign in
          </a>
        </div>
      </header>
      <div
        className="movie-card__poster movie-card__poster--small"
      >
        <img
          alt="Title"
          height="327"
          src="string"
          width="218"
        />
      </div>
    </div>
    <div
      className="add-review"
    >
      <form
        action="#"
        className="add-review__form"
      >
        <div
          className="rating"
        >
          <div
            className="rating__stars"
          >
            <input
              checked={false}
              className="rating__input"
              id="star-1"
              name="rating"
              onChange={[Function]}
              type="radio"
              value={1}
            />
            <label
              className="rating__label"
              htmlFor="star-1"
            >
              Rating 
              1
            </label>
            <input
              checked={true}
              className="rating__input"
              id="star-2"
              name="rating"
              onChange={[Function]}
              type="radio"
              value={2}
            />
            <label
              className="rating__label"
              htmlFor="star-2"
            >
              Rating 
              2
            </label>
            <input
              checked={false}
              className="rating__input"
              id="star-3"
              name="rating"
              onChange={[Function]}
              type="radio"
              value={3}
            />
            <label
              className="rating__label"
              htmlFor="star-3"
            >
              Rating 
              3
            </label>
            <input
              checked={false}
              className="rating__input"
              id="star-4"
              name="rating"
              onChange={[Function]}
              type="radio"
              value={4}
            />
            <label
              className="rating__label"
              htmlFor="star-4"
            >
              Rating 
              4
            </label>
            <input
              checked={false}
              className="rating__input"
              id="star-5"
              name="rating"
              onChange={[Function]}
              type="radio"
              value={5}
            />
            <label
              className="rating__label"
              htmlFor="star-5"
            >
              Rating 
              5
            </label>
          </div>
        </div>
        <div
          className="add-review__text"
        >
          <textarea
            className="add-review__textarea"
            id="review-text"
            name="review-text"
            onInput={[Function]}
            placeholder="Review text"
          />
          <div
            className="add-review__submit"
          >
            <button
              className="add-review__btn"
              disabled={true}
              onClick={[Function]}
              type="submit"
            >
              Post
            </button>
          </div>
        </div>
      </form>
    </div>
  </section>,
]
`;
