// Jest Snapshot v1, https://goo.gl/fbAQLP

exports[`The application is displayed correctly. VideoPlayer correctly renders after launch 1`] = `
<video
  muted={true}
  poster="fantastic-beasts-the-crimes-of-grindelwald.jpg"
  src="https://download.blender.org/durian/trailer/sintel_trailer-480p.mp4"
/>
`;
