// Jest Snapshot v1, https://goo.gl/fbAQLP

exports[`Overview: Correctly renders after relaunch 1`] = `
Array [
  <div
    className="movie-rating"
  >
    <div
      className="movie-rating__score"
    >
      5
    </div>
    <p
      className="movie-rating__meta"
    >
      <span
        className="movie-rating__level"
      >
        normal
      </span>
      <span
        className="movie-rating__count"
      >
        2000
         ratings
      </span>
    </p>
  </div>,
  <div
    className="movie-card__text"
  >
    <p>
      description
    </p>
    <p
      className="movie-card__director"
    >
      <strong>
        Director
      </strong>
    </p>
    <p
      className="movie-card__starring"
    >
      <strong>
        1, 2, 3
      </strong>
    </p>
  </div>,
]
`;
